{
  "type": "Program",
  "sourceType": "module",
  "body": [
    {
      "type": "ExpressionStatement",
      "expression": {
        "type": "AssignmentExpression",
        "operator": "=",
        "left": {
          "type": "Identifier",
          "name": "o"
        },
        "right": {
          "type": "ObjectExpression",
          "properties": [
            {
              "type": "Property",
              "kind": "init",
              "computed": false,
              "shorthand": false,
              "method": true,
              "key": {
                "type": "Literal",
                "value": "a-b",
                "raw": "'a-b'"
              },
              "value": {
                "type": "FunctionExpression",
                "generator": false,
                "expression": false,
                "id": null,
                "params": [],
                "body": {
                  "type": "BlockStatement",
                  "body": []
                }
              }
            }
          ]
        }
      }
    }
  ]
}