{
  "type": "Program",
  "sourceType": "module",
  "body": [
    {
      "type": "ExportNamedDeclaration",
      "source": null,
      "declaration": null,
      "specifiers": [
        {
          "type": "ExportSpecifier",
          "local": {
            "type": "Identifier",
            "name": "a"
          },
          "exported": {
            "type": "Identifier",
            "name": "a"
          }
        },
        {
          "type": "ExportSpecifier",
          "local": {
            "type": "Identifier",
            "name": "b"
          },
          "exported": {
            "type": "Identifier",
            "name": "b"
          }
        }
      ]
    }
  ]
}