{
  "type": "Program",
  "sourceType": "module",
  "body": [
    {
      "type": "ExpressionStatement",
      "expression": {
        "type": "CallExpression",
        "callee": {
          "type": "Identifier",
          "name": "map"
        },
        "arguments": [
          {
            "type": "ArrayExpression",
            "elements": [
              {
                "type": "Literal",
                "value": 1,
                "raw": "1"
              },
              {
                "type": "Literal",
                "value": 2,
                "raw": "2"
              },
              {
                "type": "Literal",
                "value": 3,
                "raw": "3"
              }
            ]
          },
          {
            "type": "ArrowFunctionExpression",
            "generator": false,
            "expression": false,
            "id": null,
            "params": [
              {
                "type": "Identifier",
                "name": "n"
              }
            ],
            "body": {
              "type": "BinaryExpression",
              "operator": "*",
              "left": {
                "type": "Identifier",
                "name": "n"
              },
              "right": {
                "type": "Literal",
                "value": 2,
                "raw": "2"
              }
            }
          }
        ]
      }
    }
  ]
}
