{
  "type": "Program",
  "body": [
    {
      "type": "IfStatement",
      "test": {
        "type": "Identifier",
        "name": "a"
      },
      "consequent": {
        "type": "BlockStatement",
        "body": [
          {
            "type": "ExpressionStatement",
            "expression": {
              "type": "CallExpression",
              "callee": {
                "type": "Identifier",
                "name": "b"
              },
              "arguments": []
            }
          }
        ]
      },
      "alternate": null
    }
  ],
  "sourceType": "module"
}