{
  "modules.commonjs": {
    "imports": [],
    "exports": [
      {
        "type": "default-export",
        "node": {
          "type": "ExpressionStatement",
          "expression": {
            "type": "AssignmentExpression",
            "operator": "=",
            "left": {
              "type": "MemberExpression",
              "computed": false,
              "object": {
                "type": "Identifier",
                "name": "module"
              },
              "property": {
                "type": "Identifier",
                "name": "exports"
              }
            },
            "right": {
              "type": "Identifier",
              "name": "Foo"
            }
          }
        }
      }
    ],
    "directives": []
  }
}