{
  "objects.destructuring": [
    {
      "ids": [
        {
          "type": "Identifier",
          "name": "b"
        }
      ],
      "inits": [
        {
          "type": "MemberExpression",
          "computed": false,
          "object": {
            "type": "Identifier",
            "name": "obj"
          },
          "property": {
            "type": "Identifier",
            "name": "b"
          }
        }
      ]
    }
  ]
}