{
  "type": "Program",
  "sourceType": "module",
  "body": [
    {
      "type": "ExportNamedDeclaration",
      "source": null,
      "specifiers": [],
      "declaration": {
        "type": "FunctionDeclaration",
        "generator": false,
        "expression": false,
        "id": {
          "type": "Identifier",
          "name": "add"
        },
        "params": [
          {
            "type": "Identifier",
            "name": "a"
          },
          {
            "type": "Identifier",
            "name": "b"
          }
        ],
        "body": {
          "type": "BlockStatement",
          "body": [
            {
              "type": "ReturnStatement",
              "argument": {
                "type": "BinaryExpression",
                "operator": "+",
                "left": {
                  "type": "Identifier",
                  "name": "a"
                },
                "right": {
                  "type": "Identifier",
                  "name": "b"
                }
              }
            }
          ]
        }
      }
    }
  ]
}