{
  "modules.commonjs": {
    "imports": [],
    "exports": [
      {
        "type": "named-export",
        "bindings": [
          {
            "exportName": "a",
            "localName": "a"
          }
        ],
        "node": {
          "type": "ExpressionStatement",
          "expression": {
            "type": "AssignmentExpression",
            "operator": "=",
            "left": {
              "type": "MemberExpression",
              "computed": false,
              "object": {
                "type": "Identifier",
                "name": "exports"
              },
              "property": {
                "type": "Identifier",
                "name": "a"
              }
            },
            "right": {
              "type": "Identifier",
              "name": "a"
            }
          }
        }
      }
    ],
    "directives": []
  }
}