{
  "type": "Program",
  "sourceType": "module",
  "body": [
    {
      "type": "VariableDeclaration",
      "kind": "const",
      "declarations": [
        {
          "type": "VariableDeclarator",
          "id": {
            "type": "ObjectPattern",
            "properties": [
              {
                "type": "Property",
                "computed": false,
                "shorthand": true,
                "method": false,
                "key": {
                  "type": "Identifier",
                  "name": "a"
                },
                "value": {
                  "type": "Identifier",
                  "name": "a"
                }
              }
            ]
          },
          "init": {
            "type": "CallExpression",
            "callee": {
              "type": "Identifier",
              "name": "foo"
            },
            "arguments": []
          }
        },
        {
          "type": "VariableDeclarator",
          "id": {
            "type": "ObjectPattern",
            "properties": [
              {
                "type": "Property",
                "computed": false,
                "shorthand": true,
                "method": false,
                "key": {
                  "type": "Identifier",
                  "name": "b"
                },
                "value": {
                  "type": "Identifier",
                  "name": "b"
                }
              }
            ]
          },
          "init": {
            "type": "CallExpression",
            "callee": {
              "type": "Identifier",
              "name": "foo"
            },
            "arguments": []
          }
        }
      ]
    }
  ]
}