{
  "objects.shorthand": {
    "properties": []
  },
  "objects.concise": {
    "properties": []
  },
  "modules.commonjs": {
    "imports": [],
    "exports": [],
    "directives": []
  },
  "functions.arrow": {
    "functions": [
      {
        "type": "FunctionExpression",
        "id": null,
        "params": [
          {
            "type": "Identifier",
            "name": "a"
          }
        ],
        "body": {
          "type": "BlockStatement",
          "body": [
            {
              "type": "ReturnStatement",
              "argument": {
                "type": "Identifier",
                "name": "a"
              }
            }
          ]
        },
        "generator": false,
        "expression": false
      },
      {
        "type": "FunctionExpression",
        "id": null,
        "params": [],
        "body": {
          "type": "BlockStatement",
          "body": [
            {
              "type": "ReturnStatement",
              "argument": {
                "type": "Literal",
                "value": 0,
                "raw": "0"
              }
            }
          ]
        },
        "generator": false,
        "expression": false
      },
      {
        "type": "FunctionExpression",
        "id": null,
        "params": [],
        "body": {
          "type": "BlockStatement",
          "body": [
            {
              "type": "ReturnStatement",
              "argument": {
                "type": "Literal",
                "value": 1,
                "raw": "1"
              }
            }
          ]
        },
        "generator": false,
        "expression": false
      }
    ]
  },
  "declarations.block-scope": {
    "declarations": []
  },
  "objects.destructuring": [],
  "strings.template": {
    "concatenations": []
  }
}