{
  "type":  "Program",
  "sourceType":  "module",
  "body":  [
    {
      "type":  "VariableDeclaration",
      "kind":  "const",
      "declarations":  [
        {
          "type":  "VariableDeclarator",
          "id":  { "type":  "Identifier", "name":  "a" },
          "init":  { "type":  "Literal", "value":  1, "raw":  "1" }
        }
      ]
    }
  ]
}
