{
  "type": "Program",
  "body": [
    {
      "type": "VariableDeclaration",
      "declarations": [
        {
          "type": "VariableDeclarator",
          "id": {
            "type": "Identifier",
            "name": "callThing"
          },
          "init": {
            "type": "ArrowFunctionExpression",
            "id": null,
            "params": [
              {
                "type": "Identifier",
                "name": "thing"
              }
            ],
            "body": {
              "type": "BlockStatement",
              "body": [
                {
                  "type": "ExpressionStatement",
                  "expression": {
                    "type": "CallExpression",
                    "callee": {
                      "type": "MemberExpression",
                      "computed": true,
                      "object": {
                        "type": "ThisExpression"
                      },
                      "property": {
                        "type": "Identifier",
                        "name": "thing"
                      }
                    },
                    "arguments": []
                  }
                }
              ]
            },
            "generator": false,
            "expression": false
          }
        }
      ],
      "kind": "let"
    }
  ],
  "sourceType": "module"
}