{
  "type": "Program",
  "sourceType": "module",
  "body": [
    {
      "type": "VariableDeclaration",
      "kind": "let",
      "declarations": [
        {
          "type": "VariableDeclarator",
          "id": {
            "type": "Identifier",
            "name": "s"
          },
          "init": {
            "type": "TemplateLiteral",
            "quasis": [
              {
                "type": "TemplateElement",
                "tail": false,
                "value": {
                  "cooked": "ab",
                  "raw": "ab"
                }
              },
              {
                "type": "TemplateElement",
                "tail": false,
                "value": {
                  "cooked": "",
                  "raw": ""
                }
              },
              {
                "type": "TemplateElement",
                "tail": false,
                "value": {
                  "cooked": "e",
                  "raw": "e"
                }
              },
              {
                "type": "TemplateElement",
                "tail": true,
                "value": {
                  "cooked": "",
                  "raw": ""
                }
              }
            ],
            "expressions": [
              {
                "type": "Identifier",
                "name": "c"
              },
              {
                "type": "Identifier",
                "name": "d"
              },
              {
                "type": "Identifier",
                "name": "f"
              }
            ]
          }
        }
      ]
    }
  ]
}