{
  "type": "Program",
  "body": [
    {
      "type": "IfStatement",
      "test": {
        "type": "Identifier",
        "name": "a"
      },
      "consequent": {
        "type": "BlockStatement",
        "body": [
          {
            "type": "VariableDeclaration",
            "declarations": [
              {
                "type": "VariableDeclarator",
                "id": {
                  "type": "Identifier",
                  "name": "b"
                },
                "init": {
                  "type": "Literal",
                  "value": 1,
                  "raw": "1"
                }
              }
            ],
            "kind": "var"
          }
        ]
      },
      "alternate": null
    },
    {
      "type": "ExpressionStatement",
      "expression": {
        "type": "CallExpression",
        "callee": {
          "type": "MemberExpression",
          "computed": false,
          "object": {
            "type": "Identifier",
            "name": "console"
          },
          "property": {
            "type": "Identifier",
            "name": "log"
          }
        },
        "arguments": [
          {
            "type": "Identifier",
            "name": "b"
          }
        ]
      }
    }
  ],
  "sourceType": "module"
}