[
  {
    "node": {
      "type": "VariableDeclaration",
      "declarations": [
        {
          "type": "VariableDeclarator",
          "id": {
            "type": "Identifier",
            "name": "b"
          },
          "init": {
            "type": "Literal",
            "value": 1,
            "raw": "1"
          }
        }
      ],
      "kind": "var"
    },
    "type": "unsupported-declaration",
    "message": "'var' declaration cannot be converted to block scope"
  }
]